{
  "data" : {
    "model" : {
      "mode" : "RowsPerChunk",
      "nrRowsPerChunk" : 1,
      "nrOfChunks" : 1
    }
  },
  "schema" : {
    "type" : "object",
    "properties" : {
      "model" : {
        "type" : "object",
        "properties" : {
          "mode" : {
            "oneOf" : [ {
              "const" : "RowsPerChunk",
              "title" : "Rows per chunk"
            }, {
              "const" : "NrOfChunks",
              "title" : "Number of chunks"
            } ],
            "title" : "Mode",
            "description" : "Select if the chunking is based on a fixed number of rows per chunk or a fixed number of chunks.",
            "default" : "RowsPerChunk"
          },
          "nrOfChunks" : {
            "type" : "integer",
            "format" : "int32",
            "title" : "Number of chunks",
            "description" : "Set the number of chunks. The number of rows per chunk is the row count of the input table divided by this value.\n",
            "default" : 1
          },
          "nrRowsPerChunk" : {
            "type" : "integer",
            "format" : "int32",
            "title" : "Rows per chunk",
            "description" : "Set the number of rows per chunk. The number of iterations is the row count of the input table divided by this value. To implement a streaming approach with one row at a time, set this value to 1.\n",
            "default" : 1
          }
        }
      }
    }
  },
  "ui_schema" : {
    "elements" : [ {
      "type" : "Control",
      "scope" : "#/properties/model/properties/mode",
      "options" : {
        "format" : "valueSwitch"
      }
    }, {
      "type" : "Control",
      "scope" : "#/properties/model/properties/nrRowsPerChunk",
      "options" : {
        "validations" : [ {
          "id" : "min",
          "parameters" : {
            "min" : 1.0,
            "isExclusive" : false
          },
          "errorMessage" : "The value must be at least 1."
        } ]
      },
      "rule" : {
        "effect" : "SHOW",
        "condition" : {
          "scope" : "#/properties/model/properties/mode",
          "schema" : {
            "oneOf" : [ {
              "const" : "RowsPerChunk"
            } ]
          }
        }
      }
    }, {
      "type" : "Control",
      "scope" : "#/properties/model/properties/nrOfChunks",
      "options" : {
        "validations" : [ {
          "id" : "min",
          "parameters" : {
            "min" : 1.0,
            "isExclusive" : false
          },
          "errorMessage" : "The value must be at least 1."
        } ]
      },
      "rule" : {
        "effect" : "HIDE",
        "condition" : {
          "scope" : "#/properties/model/properties/mode",
          "schema" : {
            "oneOf" : [ {
              "const" : "RowsPerChunk"
            } ]
          }
        }
      }
    } ]
  },
  "persist" : {
    "type" : "object",
    "properties" : {
      "model" : {
        "type" : "object",
        "properties" : {
          "mode" : { },
          "nrRowsPerChunk" : { },
          "nrOfChunks" : { }
        }
      }
    }
  }
}