{
  "data" : {
    "model" : {
      "rowIdentifier" : "Row0",
      "columnName" : "Image"
    }
  },
  "schema" : {
    "type" : "object",
    "properties" : {
      "model" : {
        "type" : "object",
        "properties" : {
          "columnName" : {
            "type" : "string",
            "title" : "Column name",
            "description" : "Specify the column name used for the image column created by this node.",
            "default" : "Image"
          },
          "rowIdentifier" : {
            "type" : "string",
            "title" : "Row identifier",
            "description" : "Specify the RowID used for the single row created by this node.",
            "default" : "Row0"
          }
        }
      }
    }
  },
  "ui_schema" : {
    "elements" : [ {
      "type" : "Control",
      "scope" : "#/properties/model/properties/rowIdentifier"
    }, {
      "type" : "Control",
      "scope" : "#/properties/model/properties/columnName"
    } ]
  },
  "persist" : {
    "type" : "object",
    "properties" : {
      "model" : {
        "type" : "object",
        "properties" : {
          "rowIdentifier" : {
            "configKey" : "generated_rowkey"
          },
          "columnName" : {
            "configKey" : "columnName"
          }
        }
      }
    }
  }
}