{
  "data" : {
    "model" : {
      "columnsToFormat" : {
        "selected" : [ "test1" ],
        "mode" : "MANUAL",
        "patternFilter" : {
          "pattern" : "",
          "isCaseSensitive" : false,
          "isInverted" : false
        },
        "manualFilter" : {
          "manuallySelected" : [ "test1" ],
          "manuallyDeselected" : [ ],
          "includeUnknownColumns" : true
        },
        "typeFilter" : {
          "selectedTypes" : [ ],
          "typeDisplays" : [ ]
        }
      },
      "minimumDecimals" : 0,
      "maximumDecimals" : 3,
      "groupSeparator" : "THIN_SPACE",
      "decimalSeparator" : "DOT",
      "alwaysShowDecimalSeparator" : false,
      "alignmentSuggestion" : "LEFT"
    }
  },
  "schema" : {
    "type" : "object",
    "properties" : {
      "model" : {
        "type" : "object",
        "properties" : {
          "alignmentSuggestion" : {
            "oneOf" : [ {
              "const" : "LEFT",
              "title" : "Left"
            }, {
              "const" : "CENTER",
              "title" : "Center"
            }, {
              "const" : "RIGHT",
              "title" : "Right"
            } ],
            "title" : "Alignment suggestion",
            "description" : "Specify how to align the number.\n<ul>\n<li><b>Left</b>: Align the text to the left.</li>\n<li><b>Center</b>: Center the text.</li>\n<li><b>Right</b>: Align the text to the right.</li>\n</ul>",
            "default" : "LEFT"
          },
          "alwaysShowDecimalSeparator" : {
            "type" : "boolean",
            "title" : "Always show decimal separator",
            "description" : "Whether to always show the decimal separator, even if no fractional digits are present.\nIf enabled, output like <tt>1.</tt> can be generated.\nIf disabled, the same input would be shown as <tt>1</tt>.\n",
            "default" : false
          },
          "columnsToFormat" : {
            "type" : "object",
            "properties" : {
              "manualFilter" : {
                "type" : "object",
                "properties" : {
                  "includeUnknownColumns" : {
                    "type" : "boolean",
                    "default" : false
                  },
                  "manuallyDeselected" : {
                    "type" : "array",
                    "items" : {
                      "type" : "string"
                    }
                  },
                  "manuallySelected" : {
                    "type" : "array",
                    "items" : {
                      "type" : "string"
                    }
                  }
                },
                "default" : {
                  "manuallySelected" : [ ],
                  "manuallyDeselected" : [ ],
                  "includeUnknownColumns" : false
                }
              },
              "mode" : {
                "oneOf" : [ {
                  "const" : "MANUAL",
                  "title" : "Manual"
                }, {
                  "const" : "REGEX",
                  "title" : "Regex"
                }, {
                  "const" : "WILDCARD",
                  "title" : "Wildcard"
                }, {
                  "const" : "TYPE",
                  "title" : "Type"
                } ],
                "default" : "MANUAL"
              },
              "patternFilter" : {
                "type" : "object",
                "properties" : {
                  "isCaseSensitive" : {
                    "type" : "boolean",
                    "default" : false
                  },
                  "isInverted" : {
                    "type" : "boolean",
                    "default" : false
                  },
                  "pattern" : {
                    "type" : "string",
                    "default" : ""
                  }
                },
                "default" : {
                  "pattern" : "",
                  "isCaseSensitive" : false,
                  "isInverted" : false
                }
              },
              "selected" : {
                "default" : [ ],
                "type" : "array",
                "items" : {
                  "type" : "string"
                }
              },
              "typeFilter" : {
                "type" : "object",
                "properties" : {
                  "selectedTypes" : {
                    "default" : [ ],
                    "type" : "array",
                    "items" : {
                      "type" : "string"
                    }
                  }
                },
                "default" : {
                  "selectedTypes" : [ ],
                  "typeDisplays" : [ ]
                }
              }
            },
            "title" : "Columns to format",
            "description" : "Select the columns to attach the selected format to.\nThis does not change the data, only the way the values in the column are displayed in views.\n",
            "default" : {
              "selected" : [ "test1" ],
              "mode" : "MANUAL",
              "patternFilter" : {
                "pattern" : "",
                "isCaseSensitive" : false,
                "isInverted" : false
              },
              "manualFilter" : {
                "manuallySelected" : [ "test1" ],
                "manuallyDeselected" : [ ],
                "includeUnknownColumns" : true
              },
              "typeFilter" : {
                "selectedTypes" : [ ],
                "typeDisplays" : [ ]
              }
            }
          },
          "decimalSeparator" : {
            "oneOf" : [ {
              "const" : "DOT",
              "title" : "Dot"
            }, {
              "const" : "COMMA",
              "title" : "Comma"
            } ],
            "title" : "Decimal separator",
            "description" : "The decimal separator to use.",
            "default" : "DOT"
          },
          "groupSeparator" : {
            "oneOf" : [ {
              "const" : "THIN_SPACE",
              "title" : "Thin space"
            }, {
              "const" : "DOT",
              "title" : "Dot"
            }, {
              "const" : "COMMA",
              "title" : "Comma"
            }, {
              "const" : "APOSTROPHE",
              "title" : "Apostrophe"
            }, {
              "const" : "UNDERSCORE",
              "title" : "Underscore"
            }, {
              "const" : "NONE",
              "title" : "None"
            } ],
            "title" : "Group separator",
            "description" : "The separator between groups of integer digits.\nFor instance, <tt>1,000,000</tt> uses a comma and <tt>1'000'000</tt>\n uses an apostrophe as group separator.\n",
            "default" : "THIN_SPACE"
          },
          "maximumDecimals" : {
            "type" : "integer",
            "format" : "int32",
            "title" : "Maximum number of decimals",
            "description" : "The formatted number is rounded to the given number of decimals.\nFor instance, <tt>1.2599</tt> with 2 decimals is shown as <tt>1.26</tt>.\n",
            "default" : 3
          },
          "minimumDecimals" : {
            "type" : "integer",
            "format" : "int32",
            "title" : "Minimum number of decimals",
            "description" : "The formatted number will show trailing zeros until the requested number of decimals are reached.\nFor instance, <tt>1.2</tt> with 2 decimals is shown as <tt>1.20</tt>.\n",
            "default" : 0
          }
        }
      }
    }
  },
  "ui_schema" : {
    "elements" : [ {
      "label" : "Columns",
      "type" : "Section",
      "elements" : [ {
        "type" : "Control",
        "scope" : "#/properties/model/properties/columnsToFormat",
        "options" : {
          "format" : "typedNameFilter",
          "unknownValuesText" : "Any unknown column",
          "emptyStateLabel" : "No columns in this list.",
          "choicesProvider" : "org.knime.core.webui.node.dialog.defaultdialog.widget.choices.column.CompatibleColumnsProvider$DoubleColumnsProvider"
        }
      } ]
    }, {
      "label" : "Digits",
      "type" : "Section",
      "elements" : [ {
        "type" : "HorizontalLayout",
        "elements" : [ {
          "type" : "Control",
          "scope" : "#/properties/model/properties/minimumDecimals",
          "options" : {
            "validations" : [ {
              "errorMessage" : "The value must be at least 0.",
              "id" : "min",
              "parameters" : {
                "min" : 0.0,
                "isExclusive" : false
              }
            } ]
          }
        }, {
          "type" : "Control",
          "scope" : "#/properties/model/properties/maximumDecimals",
          "options" : {
            "validations" : [ {
              "errorMessage" : "The value must be at least 0.",
              "id" : "min",
              "parameters" : {
                "min" : 0.0,
                "isExclusive" : false
              }
            } ]
          }
        } ]
      } ]
    }, {
      "label" : "Separators",
      "type" : "Section",
      "elements" : [ {
        "type" : "Control",
        "scope" : "#/properties/model/properties/groupSeparator"
      }, {
        "type" : "Control",
        "scope" : "#/properties/model/properties/decimalSeparator"
      }, {
        "type" : "Control",
        "scope" : "#/properties/model/properties/alwaysShowDecimalSeparator",
        "options" : {
          "format" : "checkbox"
        }
      } ]
    }, {
      "label" : "Display",
      "type" : "Section",
      "elements" : [ {
        "type" : "Control",
        "scope" : "#/properties/model/properties/alignmentSuggestion",
        "options" : {
          "format" : "valueSwitch"
        }
      } ]
    } ]
  },
  "persist" : {
    "type" : "object",
    "properties" : {
      "model" : {
        "type" : "object",
        "properties" : {
          "columnsToFormat" : {
            "type" : "object",
            "properties" : {
              "selected" : {
                "configPaths" : [ ]
              },
              "mode" : { },
              "patternFilter" : {
                "type" : "object",
                "properties" : {
                  "pattern" : { },
                  "isCaseSensitive" : { },
                  "isInverted" : { }
                }
              },
              "manualFilter" : {
                "type" : "object",
                "properties" : {
                  "manuallySelected" : { },
                  "manuallyDeselected" : { },
                  "includeUnknownColumns" : { }
                }
              },
              "typeFilter" : {
                "type" : "object",
                "properties" : {
                  "selectedTypes" : { }
                }
              }
            }
          },
          "minimumDecimals" : { },
          "maximumDecimals" : { },
          "groupSeparator" : { },
          "decimalSeparator" : { },
          "alwaysShowDecimalSeparator" : { },
          "alignmentSuggestion" : { }
        }
      }
    }
  },
  "initialUpdates" : [ {
    "scopes" : null,
    "id" : "org.knime.core.webui.node.dialog.defaultdialog.widget.choices.column.CompatibleColumnsProvider$DoubleColumnsProvider",
    "values" : [ {
      "indices" : [ ],
      "value" : [ {
        "id" : "test1",
        "text" : "test1",
        "type" : {
          "id" : "org.knime.core.data.DoubleValue",
          "text" : "Number (Floating Decimal)"
        }
      } ]
    } ]
  } ]
}