{
  "data" : {
    "model" : {
      "duplicateRowHandling" : "APPEND_SUFFIX",
      "suffix" : "_duplicate",
      "enableHiliting" : true
    }
  },
  "schema" : {
    "type" : "object",
    "properties" : {
      "model" : {
        "type" : "object",
        "properties" : {
          "duplicateRowHandling" : {
            "oneOf" : [ {
              "const" : "SKIP_ROWS",
              "title" : "Skip rows"
            }, {
              "const" : "APPEND_SUFFIX",
              "title" : "Append suffix"
            } ],
            "title" : "Duplicate RowID handling",
            "description" : "How to handle duplicate row identifiers (RowID) when concatenating the two input tables.\n<ul>\n<li><b>Skip rows</b>: Duplicate row identifiers (RowID) occurring in the second table are not appended to the output table. This option is relatively memory intensive as it needs to cache the RowIDs in order to find duplicates.</li>\n<li><b>Append suffix</b>: The output table will contain all rows, but duplicate row identifiers are labeled with a suffix. Similar to the \"Skip Rows\" option this method is also memory intensive.</li>\n</ul>",
            "default" : "SKIP_ROWS"
          },
          "enableHiliting" : {
            "type" : "boolean",
            "title" : "Enable hiliting",
            "description" : "Enables hiliting between both inputs and the concatenated output table.",
            "default" : false
          },
          "suffix" : {
            "type" : "string",
            "title" : "Suffix",
            "description" : "The suffix to append to duplicate row identifiers (RowID) to make them unique.",
            "default" : "_dup"
          }
        }
      }
    }
  },
  "ui_schema" : {
    "elements" : [ {
      "type" : "Control",
      "scope" : "#/properties/model/properties/duplicateRowHandling",
      "options" : {
        "format" : "radio",
        "radioLayout" : "vertical"
      }
    }, {
      "type" : "Control",
      "scope" : "#/properties/model/properties/suffix",
      "rule" : {
        "effect" : "SHOW",
        "condition" : {
          "scope" : "#/properties/model/properties/duplicateRowHandling",
          "schema" : {
            "oneOf" : [ {
              "const" : "APPEND_SUFFIX"
            } ]
          }
        }
      }
    }, {
      "type" : "Control",
      "scope" : "#/properties/model/properties/enableHiliting",
      "options" : {
        "format" : "checkbox"
      }
    } ]
  },
  "persist" : {
    "type" : "object",
    "properties" : {
      "model" : {
        "type" : "object",
        "properties" : {
          "duplicateRowHandling" : {
            "configPaths" : [ [ "append_suffix" ] ]
          },
          "suffix" : { },
          "enableHiliting" : {
            "configKey" : "enable_hiliting"
          }
        }
      }
    }
  }
}