<?xml version="1.0" encoding="UTF-8"?>
<config xmlns="http://www.knime.org/2008/09/XMLConfig" xmlns:xsi="http://www.w3.org/2001/XMLSchema-instance" xsi:schemaLocation="http://www.knime.org/2008/09/XMLConfig http://www.knime.org/XMLConfig_2008_09.xsd" key="test">
    <config key="settings">
        <entry key="has_row_id" type="xboolean" value="true"/>
        <entry key="prepend_table_index_to_row_id" type="xboolean" value="true"/>
    </config>
    <entry key="column_filter_mode" type="xstring" value="INTERSECTION"/>
    <config key="configId_Internals">
        <config key="table_manipulator"/>
    </config>
    <config key="transformationParameters">
        <config key="specs">
            <config key="0">
                <entry key="sourceIdentifier" type="xstring" value="org.knime.base.node.preproc.manipulator.table.DataTableBackedBoundedTable@1078e333"/>
                <config key="spec">
                    <config key="0">
                        <entry key="name" type="xstring" value="Universe_0_0"/>
                        <entry key="type" type="xstring" value="{&quot;name&quot;:&quot;type&quot;,&quot;value&quot;:{&quot;type&quot;:{&quot;type&quot;:&quot;tree&quot;,&quot;value&quot;:{&quot;cell_class&quot;:{&quot;type&quot;:&quot;string&quot;,&quot;value&quot;:&quot;org.knime.core.data.def.DoubleCell&quot;},&quot;is_null&quot;:{&quot;type&quot;:&quot;boolean&quot;,&quot;value&quot;:false}}}}}"/>
                        <entry key="hasType" type="xboolean" value="true"/>
                    </config>
                    <config key="1">
                        <entry key="name" type="xstring" value="Universe_0_1"/>
                        <entry key="type" type="xstring" value="{&quot;name&quot;:&quot;type&quot;,&quot;value&quot;:{&quot;type&quot;:{&quot;type&quot;:&quot;tree&quot;,&quot;value&quot;:{&quot;cell_class&quot;:{&quot;type&quot;:&quot;string&quot;,&quot;value&quot;:&quot;org.knime.core.data.def.DoubleCell&quot;},&quot;is_null&quot;:{&quot;type&quot;:&quot;boolean&quot;,&quot;value&quot;:false}}}}}"/>
                        <entry key="hasType" type="xboolean" value="true"/>
                    </config>
                    <config key="2">
                        <entry key="name" type="xstring" value="Universe_1_0"/>
                        <entry key="type" type="xstring" value="{&quot;name&quot;:&quot;type&quot;,&quot;value&quot;:{&quot;type&quot;:{&quot;type&quot;:&quot;tree&quot;,&quot;value&quot;:{&quot;cell_class&quot;:{&quot;type&quot;:&quot;string&quot;,&quot;value&quot;:&quot;org.knime.core.data.def.DoubleCell&quot;},&quot;is_null&quot;:{&quot;type&quot;:&quot;boolean&quot;,&quot;value&quot;:false}}}}}"/>
                        <entry key="hasType" type="xboolean" value="true"/>
                    </config>
                    <config key="3">
                        <entry key="name" type="xstring" value="Universe_1_1"/>
                        <entry key="type" type="xstring" value="{&quot;name&quot;:&quot;type&quot;,&quot;value&quot;:{&quot;type&quot;:{&quot;type&quot;:&quot;tree&quot;,&quot;value&quot;:{&quot;cell_class&quot;:{&quot;type&quot;:&quot;string&quot;,&quot;value&quot;:&quot;org.knime.core.data.def.DoubleCell&quot;},&quot;is_null&quot;:{&quot;type&quot;:&quot;boolean&quot;,&quot;value&quot;:false}}}}}"/>
                        <entry key="hasType" type="xboolean" value="true"/>
                    </config>
                </config>
            </config>
            <config key="1">
                <entry key="sourceIdentifier" type="xstring" value="org.knime.base.node.preproc.manipulator.table.DataTableBackedBoundedTable@1ebf1f4c"/>
                <config key="spec">
                    <config key="0">
                        <entry key="name" type="xstring" value="Universe_0_0"/>
                        <entry key="type" type="xstring" value="{&quot;name&quot;:&quot;type&quot;,&quot;value&quot;:{&quot;type&quot;:{&quot;type&quot;:&quot;tree&quot;,&quot;value&quot;:{&quot;cell_class&quot;:{&quot;type&quot;:&quot;string&quot;,&quot;value&quot;:&quot;org.knime.core.data.def.DoubleCell&quot;},&quot;is_null&quot;:{&quot;type&quot;:&quot;boolean&quot;,&quot;value&quot;:false}}}}}"/>
                        <entry key="hasType" type="xboolean" value="true"/>
                    </config>
                    <config key="1">
                        <entry key="name" type="xstring" value="Universe_0_1"/>
                        <entry key="type" type="xstring" value="{&quot;name&quot;:&quot;type&quot;,&quot;value&quot;:{&quot;type&quot;:{&quot;type&quot;:&quot;tree&quot;,&quot;value&quot;:{&quot;cell_class&quot;:{&quot;type&quot;:&quot;string&quot;,&quot;value&quot;:&quot;org.knime.core.data.def.DoubleCell&quot;},&quot;is_null&quot;:{&quot;type&quot;:&quot;boolean&quot;,&quot;value&quot;:false}}}}}"/>
                        <entry key="hasType" type="xboolean" value="true"/>
                    </config>
                    <config key="2">
                        <entry key="name" type="xstring" value="Universe_1_0"/>
                        <entry key="type" type="xstring" value="{&quot;name&quot;:&quot;type&quot;,&quot;value&quot;:{&quot;type&quot;:{&quot;type&quot;:&quot;tree&quot;,&quot;value&quot;:{&quot;cell_class&quot;:{&quot;type&quot;:&quot;string&quot;,&quot;value&quot;:&quot;org.knime.core.data.def.DoubleCell&quot;},&quot;is_null&quot;:{&quot;type&quot;:&quot;boolean&quot;,&quot;value&quot;:false}}}}}"/>
                        <entry key="hasType" type="xboolean" value="true"/>
                    </config>
                    <config key="3">
                        <entry key="name" type="xstring" value="Universe_1_1"/>
                        <entry key="type" type="xstring" value="{&quot;name&quot;:&quot;type&quot;,&quot;value&quot;:{&quot;type&quot;:{&quot;type&quot;:&quot;tree&quot;,&quot;value&quot;:{&quot;cell_class&quot;:{&quot;type&quot;:&quot;string&quot;,&quot;value&quot;:&quot;org.knime.core.data.def.DoubleCell&quot;},&quot;is_null&quot;:{&quot;type&quot;:&quot;boolean&quot;,&quot;value&quot;:false}}}}}"/>
                        <entry key="hasType" type="xboolean" value="true"/>
                    </config>
                </config>
            </config>
        </config>
        <entry key="enforceTypes" type="xboolean" value="false"/>
        <config key="columnTransformation">
            <config key="0">
                <entry key="columnName" type="xstring" value="Universe_0_0"/>
                <config key="originalProductionPath">
                    <entry key="_producer" type="xstring" value="CELL_VALUE_PRODUCER_IDENTITY_FACTORY"/>
                    <entry key="_converter_name" type="xstring" value=""/>
                    <config key="_converter_config">
                        <entry key="cell_class" type="xstring" value="org.knime.core.data.def.DoubleCell"/>
                    </config>
                    <entry key="_converter_src" type="xstring" value="org.knime.core.data.DataCell"/>
                    <entry key="_converter_dst" type="xstring" value="Number (Float)"/>
                    <entry key="_producer_src" type="xstring" value="Number (Float)"/>
                    <entry key="_producer_name" type="xstring" value="org.knime.core.data.DataCell"/>
                    <entry key="_producer_dst" type="xstring" value="org.knime.core.data.DataCell"/>
                    <entry key="_converter" type="xstring" value="CELL_CONVERTER_IDENTITY_FACTORY"/>
                    <config key="_producer_config">
                        <entry key="cell_class" type="xstring" value="org.knime.core.data.def.DoubleCell"/>
                    </config>
                </config>
                <entry key="originalTypeLabel" type="xstring" value="Number (Float)"/>
                <entry key="includeInOutput" type="xboolean" value="true"/>
                <entry key="columnRename" type="xstring" value="renamed"/>
                <config key="productionPath">
                    <entry key="_producer" type="xstring" value="org.knime.core.data.def.DoubleCell-&gt;java.lang.String"/>
                    <entry key="_converter_name" type="xstring" value="String"/>
                    <config key="_converter_config"/>
                    <entry key="_converter_src" type="xstring" value="java.lang.String"/>
                    <entry key="_converter_dst" type="xstring" value="Boolean"/>
                    <entry key="_producer_src" type="xstring" value="Number (Float)"/>
                    <entry key="_producer_name" type="xstring" value="java.lang.String"/>
                    <entry key="_producer_dst" type="xstring" value="java.lang.String"/>
                    <entry key="_converter" type="xstring" value="org.knime.core.data.def.BooleanCell$BooleanCellFactory.createCell(class java.lang.String)"/>
                    <config key="_producer_config"/>
                </config>
            </config>
            <config key="1">
                <entry key="columnName" type="xstring" value="Universe_0_1"/>
                <config key="originalProductionPath">
                    <entry key="_producer" type="xstring" value="CELL_VALUE_PRODUCER_IDENTITY_FACTORY"/>
                    <entry key="_converter_name" type="xstring" value=""/>
                    <config key="_converter_config">
                        <entry key="cell_class" type="xstring" value="org.knime.core.data.def.DoubleCell"/>
                    </config>
                    <entry key="_converter_src" type="xstring" value="org.knime.core.data.DataCell"/>
                    <entry key="_converter_dst" type="xstring" value="Number (Float)"/>
                    <entry key="_producer_src" type="xstring" value="Number (Float)"/>
                    <entry key="_producer_name" type="xstring" value="org.knime.core.data.DataCell"/>
                    <entry key="_producer_dst" type="xstring" value="org.knime.core.data.DataCell"/>
                    <entry key="_converter" type="xstring" value="CELL_CONVERTER_IDENTITY_FACTORY"/>
                    <config key="_producer_config">
                        <entry key="cell_class" type="xstring" value="org.knime.core.data.def.DoubleCell"/>
                    </config>
                </config>
                <entry key="originalTypeLabel" type="xstring" value="Number (Float)"/>
                <entry key="includeInOutput" type="xboolean" value="true"/>
                <entry key="columnRename" type="xstring" value="Universe_0_1"/>
                <config key="productionPath">
                    <entry key="_producer" type="xstring" value="CELL_VALUE_PRODUCER_IDENTITY_FACTORY"/>
                    <entry key="_converter_name" type="xstring" value=""/>
                    <config key="_converter_config">
                        <entry key="cell_class" type="xstring" value="org.knime.core.data.def.DoubleCell"/>
                    </config>
                    <entry key="_converter_src" type="xstring" value="org.knime.core.data.DataCell"/>
                    <entry key="_converter_dst" type="xstring" value="Number (Float)"/>
                    <entry key="_producer_src" type="xstring" value="Number (Float)"/>
                    <entry key="_producer_name" type="xstring" value="org.knime.core.data.DataCell"/>
                    <entry key="_producer_dst" type="xstring" value="org.knime.core.data.DataCell"/>
                    <entry key="_converter" type="xstring" value="CELL_CONVERTER_IDENTITY_FACTORY"/>
                    <config key="_producer_config">
                        <entry key="cell_class" type="xstring" value="org.knime.core.data.def.DoubleCell"/>
                    </config>
                </config>
            </config>
            <config key="2">
                <entry key="columnName" type="xstring" value="Universe_1_0"/>
                <config key="originalProductionPath">
                    <entry key="_producer" type="xstring" value="CELL_VALUE_PRODUCER_IDENTITY_FACTORY"/>
                    <entry key="_converter_name" type="xstring" value=""/>
                    <config key="_converter_config">
                        <entry key="cell_class" type="xstring" value="org.knime.core.data.def.DoubleCell"/>
                    </config>
                    <entry key="_converter_src" type="xstring" value="org.knime.core.data.DataCell"/>
                    <entry key="_converter_dst" type="xstring" value="Number (Float)"/>
                    <entry key="_producer_src" type="xstring" value="Number (Float)"/>
                    <entry key="_producer_name" type="xstring" value="org.knime.core.data.DataCell"/>
                    <entry key="_producer_dst" type="xstring" value="org.knime.core.data.DataCell"/>
                    <entry key="_converter" type="xstring" value="CELL_CONVERTER_IDENTITY_FACTORY"/>
                    <config key="_producer_config">
                        <entry key="cell_class" type="xstring" value="org.knime.core.data.def.DoubleCell"/>
                    </config>
                </config>
                <entry key="originalTypeLabel" type="xstring" value="Number (Float)"/>
                <entry key="includeInOutput" type="xboolean" value="true"/>
                <entry key="columnRename" type="xstring" value="Universe_1_0"/>
                <config key="productionPath">
                    <entry key="_producer" type="xstring" value="CELL_VALUE_PRODUCER_IDENTITY_FACTORY"/>
                    <entry key="_converter_name" type="xstring" value=""/>
                    <config key="_converter_config">
                        <entry key="cell_class" type="xstring" value="org.knime.core.data.def.DoubleCell"/>
                    </config>
                    <entry key="_converter_src" type="xstring" value="org.knime.core.data.DataCell"/>
                    <entry key="_converter_dst" type="xstring" value="Number (Float)"/>
                    <entry key="_producer_src" type="xstring" value="Number (Float)"/>
                    <entry key="_producer_name" type="xstring" value="org.knime.core.data.DataCell"/>
                    <entry key="_producer_dst" type="xstring" value="org.knime.core.data.DataCell"/>
                    <entry key="_converter" type="xstring" value="CELL_CONVERTER_IDENTITY_FACTORY"/>
                    <config key="_producer_config">
                        <entry key="cell_class" type="xstring" value="org.knime.core.data.def.DoubleCell"/>
                    </config>
                </config>
            </config>
            <config key="3">
                <entry key="columnName" type="xstring" value="Universe_1_1"/>
                <config key="originalProductionPath">
                    <entry key="_producer" type="xstring" value="CELL_VALUE_PRODUCER_IDENTITY_FACTORY"/>
                    <entry key="_converter_name" type="xstring" value=""/>
                    <config key="_converter_config">
                        <entry key="cell_class" type="xstring" value="org.knime.core.data.def.DoubleCell"/>
                    </config>
                    <entry key="_converter_src" type="xstring" value="org.knime.core.data.DataCell"/>
                    <entry key="_converter_dst" type="xstring" value="Number (Float)"/>
                    <entry key="_producer_src" type="xstring" value="Number (Float)"/>
                    <entry key="_producer_name" type="xstring" value="org.knime.core.data.DataCell"/>
                    <entry key="_producer_dst" type="xstring" value="org.knime.core.data.DataCell"/>
                    <entry key="_converter" type="xstring" value="CELL_CONVERTER_IDENTITY_FACTORY"/>
                    <config key="_producer_config">
                        <entry key="cell_class" type="xstring" value="org.knime.core.data.def.DoubleCell"/>
                    </config>
                </config>
                <entry key="originalTypeLabel" type="xstring" value="Number (Float)"/>
                <entry key="includeInOutput" type="xboolean" value="true"/>
                <entry key="columnRename" type="xstring" value="Universe_1_1"/>
                <config key="productionPath">
                    <entry key="_producer" type="xstring" value="CELL_VALUE_PRODUCER_IDENTITY_FACTORY"/>
                    <entry key="_converter_name" type="xstring" value=""/>
                    <config key="_converter_config">
                        <entry key="cell_class" type="xstring" value="org.knime.core.data.def.DoubleCell"/>
                    </config>
                    <entry key="_converter_src" type="xstring" value="org.knime.core.data.DataCell"/>
                    <entry key="_converter_dst" type="xstring" value="Number (Float)"/>
                    <entry key="_producer_src" type="xstring" value="Number (Float)"/>
                    <entry key="_producer_name" type="xstring" value="org.knime.core.data.DataCell"/>
                    <entry key="_producer_dst" type="xstring" value="org.knime.core.data.DataCell"/>
                    <entry key="_converter" type="xstring" value="CELL_CONVERTER_IDENTITY_FACTORY"/>
                    <config key="_producer_config">
                        <entry key="cell_class" type="xstring" value="org.knime.core.data.def.DoubleCell"/>
                    </config>
                </config>
            </config>
            <config key="4">
                <entry key="columnName" type="xstring" isnull="true" value=""/>
                <entry key="originalTypeLabel" type="xstring" value="Default columntype"/>
                <entry key="includeInOutput" type="xboolean" value="true"/>
                <entry key="columnRename" type="xstring" isnull="true" value=""/>
                <entry key="unknownsColumnDataType" type="xstring" value="&lt;default-columntype&gt;"/>
            </config>
        </config>
    </config>
</config>
