{
  "data" : {
    "model" : {
      "predictionColumnName" : null
    }
  },
  "schema" : {
    "type" : "object",
    "properties" : {
      "model" : {
        "type" : "object",
        "properties" : {
          "predictionColumnName" : {
            "type" : [ "string", "null" ],
            "title" : "Custom prediction column name",
            "description" : "Allows you to specify a customized name for the prediction column that is appended to the input table.\nIf not checked, <tt>Prediction(target)</tt> (where target is the name of the target column of the provided\nregression model) is used as default.\n",
            "default" : null
          }
        }
      }
    }
  },
  "ui_schema" : {
    "elements" : [ {
      "type" : "Control",
      "scope" : "#/properties/model/properties/predictionColumnName",
      "options" : {
        "validation" : {
          "pattern" : {
            "errorMessage" : "The string must start and end with a non-whitespace character.",
            "parameters" : {
              "pattern" : "\\S(.*\\S)?"
            }
          }
        },
        "hideOnNull" : true
      },
      "providedOptions" : [ "default" ]
    } ]
  },
  "persist" : {
    "type" : "object",
    "properties" : {
      "model" : {
        "type" : "object",
        "properties" : {
          "predictionColumnName" : {
            "configPaths" : [ [ "has_custom_predicition_name" ], [ "custom_prediction_name" ] ]
          }
        }
      }
    }
  },
  "initialUpdates" : [ {
    "scope" : "#/properties/model/properties/predictionColumnName",
    "providedOptionName" : "default",
    "values" : [ {
      "indices" : [ ],
      "value" : "Prediction (Universe_1_1)"
    } ]
  } ]
}