<?xml version="1.0" encoding="UTF-8"?>
<config xmlns="http://www.knime.org/2008/09/XMLConfig" xmlns:xsi="http://www.w3.org/2001/XMLSchema-instance" xsi:schemaLocation="http://www.knime.org/2008/09/XMLConfig http://www.knime.org/XMLConfig_2008_09.xsd" key="test">
    <config key="filter">
        <entry key="mode" type="xstring" value="MANUAL"/>
        <config key="patternFilter">
            <entry key="pattern" type="xstring" value=""/>
            <entry key="isCaseSensitive" type="xboolean" value="true"/>
            <entry key="isInverted" type="xboolean" value="false"/>
        </config>
        <config key="manualFilter">
            <config key="manuallySelected">
                <entry key="array-size" type="xint" value="2"/>
                <entry key="0" type="xstring" value="variable_1"/>
                <entry key="1" type="xstring" value="variable_2"/>
            </config>
            <config key="manuallyDeselected">
                <entry key="array-size" type="xint" value="1"/>
                <entry key="0" type="xstring" value="knime.workspace"/>
            </config>
            <entry key="includeUnknownColumns" type="xboolean" value="false"/>
        </config>
        <config key="typeFilter">
            <config key="selectedTypes">
                <entry key="array-size" type="xint" value="0"/>
            </config>
        </config>
    </config>
</config>
