<?xml version="1.0" encoding="UTF-8"?>
<config xmlns="http://www.knime.org/2008/09/XMLConfig" xmlns:xsi="http://www.w3.org/2001/XMLSchema-instance" xsi:schemaLocation="http://www.knime.org/2008/09/XMLConfig http://www.knime.org/XMLConfig_2008_09.xsd" key="test">
    <config key="dataTableColumn_Internals">
        <entry key="SettingsModelID" type="xstring" value="SMID_string"/>
        <entry key="EnabledStatus" type="xboolean" value="true"/>
    </config>
    <config key="dataTableColumn">
        <entry key="useRowID" type="xboolean" value="true"/>
        <entry key="columnName" type="xstring" value=""/>
    </config>
    <config key="referenceTableColumn_Internals">
        <entry key="SettingsModelID" type="xstring" value="SMID_string"/>
        <entry key="EnabledStatus" type="xboolean" value="true"/>
    </config>
    <config key="referenceTableColumn">
        <entry key="useRowID" type="xboolean" value="true"/>
        <entry key="columnName" type="xstring" value=""/>
    </config>
    <config key="updateDomains_Internals">
        <entry key="SettingsModelID" type="xstring" value="SMID_boolean"/>
        <entry key="EnabledStatus" type="xboolean" value="true"/>
    </config>
    <entry key="updateDomains" type="xboolean" value="false"/>
</config>
